// Jest Snapshot v1, https://goo.gl/fbAQLP

exports[`SourceFooter Component default case should render 1`] = `
<div
  className="source-footer"
>
  <div
    className="source-footer-start"
  >
    <div
      className="commands"
    >
      <button
        aria-label="Ignore source"
        className="action black-box"
        key="black-box"
        onClick={[Function]}
        title="Ignore source"
      >
        <AccessibleImage
          className="blackBox"
        />
      </button>
      <button
        className="action prettyPrint"
        disabled={true}
        key="prettyPrint"
        onClick={[Function]}
      >
        <AccessibleImage
          className="prettyPrint"
        />
      </button>
      <MenuButton
        className="devtools-button debugger-source-map-button disabled not-mapped"
        icon={true}
        menuId="debugger-source-map-button"
        menuOffset={-5}
        menuPosition="bottom"
        title="Source Map status"
      >
        <Component />
      </MenuButton>
    </div>
  </div>
  <div
    className="source-footer-end"
  >
    <PaneToggleButton
      collapsed={false}
      horizontal={false}
      key="toggle"
      position="end"
    />
  </div>
</div>
`;

exports[`SourceFooter Component move cursor should render new cursor position 1`] = `
<div
  className="source-footer"
>
  <div
    className="source-footer-start"
  >
    <div
      className="commands"
    >
      <button
        aria-label="Ignore source"
        className="action black-box"
        key="black-box"
        onClick={[Function]}
        title="Ignore source"
      >
        <AccessibleImage
          className="blackBox"
        />
      </button>
      <button
        className="action prettyPrint"
        disabled={true}
        key="prettyPrint"
        onClick={[Function]}
      >
        <AccessibleImage
          className="prettyPrint"
        />
      </button>
      <MenuButton
        className="devtools-button debugger-source-map-button disabled not-mapped"
        icon={true}
        menuId="debugger-source-map-button"
        menuOffset={-5}
        menuPosition="bottom"
        title="Source Map status"
      >
        <Component />
      </MenuButton>
    </div>
  </div>
  <div
    className="source-footer-end"
  >
    <PaneToggleButton
      collapsed={false}
      horizontal={false}
      key="toggle"
      position="end"
    />
  </div>
</div>
`;
