// Jest Snapshot v1, https://goo.gl/fbAQLP

exports[`sources - pretty print returns a pretty source for a minified file 1`] = `
Object {
  "displayURL": Object {
    "fileExtension": "js:formatted",
    "filename": "base.js:formatted",
    "group": "localhost:8000",
    "path": "/examples/base.js:formatted",
    "search": "",
  },
  "extensionName": null,
  "id": "base.js/originalSource-36c718d4bde9a75edb388ff7733efe7f",
  "isExtension": false,
  "isHTML": false,
  "isOriginal": true,
  "isPrettyPrinted": true,
  "isWasm": false,
  "url": "http://localhost:8000/examples/base.js:formatted",
}
`;

exports[`sources - pretty print returns a pretty source for a minified file 2`] = `
Object {
  "state": "fulfilled",
  "value": Object {
    "contentType": "text/javascript",
    "type": "text",
    "value": "function base() {
  return base
}
",
  },
}
`;
