// Jest Snapshot v1, https://goo.gl/fbAQLP

exports[`visible column breakpoints doesnt show breakpoints to the right 1`] = `
Array [
  Object {
    "breakpoint": Object {
      "disabled": false,
      "generatedLocation": Object {
        "column": 1,
        "line": 1,
        "source": Object {
          "displayURL": Object {
            "fileExtension": "",
            "filename": "url",
            "group": "",
            "path": "url",
            "search": "",
          },
          "extensionName": null,
          "id": "foo",
          "isExtension": false,
          "isOriginal": false,
          "isPrettyPrinted": false,
          "isWasm": false,
          "longName": "url",
          "shortName": "url",
          "thread": "FakeThread",
          "url": "url",
        },
      },
      "id": "breakpoint",
      "location": Object {
        "column": 1,
        "line": 1,
        "source": Object {
          "displayURL": Object {
            "fileExtension": "",
            "filename": "url",
            "group": "",
            "path": "url",
            "search": "",
          },
          "extensionName": null,
          "id": "foo",
          "isExtension": false,
          "isOriginal": false,
          "isPrettyPrinted": false,
          "isWasm": false,
          "longName": "url",
          "shortName": "url",
          "thread": "FakeThread",
          "url": "url",
        },
      },
      "options": Object {},
      "originalText": "text",
      "text": "text",
    },
    "location": Object {
      "column": 1,
      "line": 1,
      "sourceId": "foo",
    },
  },
]
`;

exports[`visible column breakpoints ignores single breakpoints 1`] = `
Array [
  Object {
    "breakpoint": Object {
      "disabled": false,
      "generatedLocation": Object {
        "column": 1,
        "line": 1,
        "source": Object {
          "displayURL": Object {
            "fileExtension": "",
            "filename": "url",
            "group": "",
            "path": "url",
            "search": "",
          },
          "extensionName": null,
          "id": "foo",
          "isExtension": false,
          "isOriginal": false,
          "isPrettyPrinted": false,
          "isWasm": false,
          "longName": "url",
          "shortName": "url",
          "thread": "FakeThread",
          "url": "url",
        },
      },
      "id": "breakpoint",
      "location": Object {
        "column": 1,
        "line": 1,
        "source": Object {
          "displayURL": Object {
            "fileExtension": "",
            "filename": "url",
            "group": "",
            "path": "url",
            "search": "",
          },
          "extensionName": null,
          "id": "foo",
          "isExtension": false,
          "isOriginal": false,
          "isPrettyPrinted": false,
          "isWasm": false,
          "longName": "url",
          "shortName": "url",
          "thread": "FakeThread",
          "url": "url",
        },
      },
      "options": Object {},
      "originalText": "text",
      "text": "text",
    },
    "location": Object {
      "column": 1,
      "line": 1,
      "sourceId": "foo",
    },
  },
  Object {
    "breakpoint": undefined,
    "location": Object {
      "column": 3,
      "line": 1,
      "sourceId": "foo",
    },
  },
]
`;

exports[`visible column breakpoints only shows visible breakpoints 1`] = `
Array [
  Object {
    "breakpoint": Object {
      "disabled": false,
      "generatedLocation": Object {
        "column": 1,
        "line": 1,
        "source": Object {
          "displayURL": Object {
            "fileExtension": "",
            "filename": "url",
            "group": "",
            "path": "url",
            "search": "",
          },
          "extensionName": null,
          "id": "foo",
          "isExtension": false,
          "isOriginal": false,
          "isPrettyPrinted": false,
          "isWasm": false,
          "longName": "url",
          "shortName": "url",
          "thread": "FakeThread",
          "url": "url",
        },
      },
      "id": "breakpoint",
      "location": Object {
        "column": 1,
        "line": 1,
        "source": Object {
          "displayURL": Object {
            "fileExtension": "",
            "filename": "url",
            "group": "",
            "path": "url",
            "search": "",
          },
          "extensionName": null,
          "id": "foo",
          "isExtension": false,
          "isOriginal": false,
          "isPrettyPrinted": false,
          "isWasm": false,
          "longName": "url",
          "shortName": "url",
          "thread": "FakeThread",
          "url": "url",
        },
      },
      "options": Object {},
      "originalText": "text",
      "text": "text",
    },
    "location": Object {
      "column": 1,
      "line": 1,
      "sourceId": "foo",
    },
  },
  Object {
    "breakpoint": undefined,
    "location": Object {
      "column": 3,
      "line": 1,
      "sourceId": "foo",
    },
  },
]
`;

exports[`visible column breakpoints simple 1`] = `
Array [
  Object {
    "breakpoint": Object {
      "disabled": false,
      "generatedLocation": Object {
        "column": 1,
        "line": 1,
        "source": Object {
          "displayURL": Object {
            "fileExtension": "",
            "filename": "url",
            "group": "",
            "path": "url",
            "search": "",
          },
          "extensionName": null,
          "id": "foo",
          "isExtension": false,
          "isOriginal": false,
          "isPrettyPrinted": false,
          "isWasm": false,
          "longName": "url",
          "shortName": "url",
          "thread": "FakeThread",
          "url": "url",
        },
      },
      "id": "breakpoint",
      "location": Object {
        "column": 1,
        "line": 1,
        "source": Object {
          "displayURL": Object {
            "fileExtension": "",
            "filename": "url",
            "group": "",
            "path": "url",
            "search": "",
          },
          "extensionName": null,
          "id": "foo",
          "isExtension": false,
          "isOriginal": false,
          "isPrettyPrinted": false,
          "isWasm": false,
          "longName": "url",
          "shortName": "url",
          "thread": "FakeThread",
          "url": "url",
        },
      },
      "options": Object {},
      "originalText": "text",
      "text": "text",
    },
    "location": Object {
      "column": 1,
      "line": 1,
      "sourceId": "foo",
    },
  },
  Object {
    "breakpoint": undefined,
    "location": Object {
      "column": 5,
      "line": 1,
      "sourceId": "foo",
    },
  },
]
`;
